******************************************************************************
                  TI ARM Linker Unix v20.2.0                   
******************************************************************************
>> Linked Wed Apr 22 21:52:19 2020

OUTPUT FILE NAME:   <Ethernet_IoT.out>
ENTRY POINT SYMBOL: "_c_int00_noargs"  address: 0000400d


MEMORY CONFIGURATION

         name            origin    length      used     unused   attr    fill
----------------------  --------  ---------  --------  --------  ----  --------
  FLASH                 00000000   00040000  000042b1  0003bd4f  R  X
  SRAM                  20000000   00008000  00002020  00005fe0  RW X


SEGMENT ALLOCATION MAP

run origin  load origin   length   init length attrs members
----------  ----------- ---------- ----------- ----- -------
00000000    00000000    000042b8   000042b8    r-x
  00000000    00000000    0000026c   0000026c    r-- .intvecs
  0000026c    0000026c    00003f04   00003f04    r-x .text
  00004170    00004170    00000101   00000101    r-- .const
  00004278    00004278    00000040   00000040    r-- .cinit
20000000    20000000    00002020   00000000    rw-
  20000000    20000000    00002000   00000000    rw- .stack
  20002000    20002000    0000001c   00000000    rw- .data
  2000201c    2000201c    00000004   00000000    rw- .bss


SECTION ALLOCATION MAP

 output                                  attributes/
section   page    origin      length       input sections
--------  ----  ----------  ----------   ----------------
.intvecs   0    00000000    0000026c     
                  00000000    0000026c     tm4c123gh6pm_startup_ccs.obj (.intvecs)

.text      0    0000026c    00003f04     
                  0000026c    000012d8     eth0.obj (.text)
                  00001544    00000a4e     rtsv7M4_T_le_v4SPD16_eabi.lib : _printfi.c.obj (.text:__TI_printfi)
                  00001f92    00000002                                   : div0.asm.obj (.text)
                  00001f94    000007c0     gpio.obj (.text)
                  00002754    00000348     ethernet.obj (.text)
                  00002a9c    00000270     rtsv7M4_T_le_v4SPD16_eabi.lib : _printfi.c.obj (.text:_pconv_a)
                  00002d0c    000001d0                                   : _printfi.c.obj (.text:_pconv_g)
                  00002edc    000001b6                                   : fd_add_t2.asm.obj (.text)
                  00003092    00000002     --HOLE-- [fill = 0]
                  00003094    0000017c     uart0.obj (.text)
                  00003210    00000160     spi0.obj (.text)
                  00003370    0000013c     rtsv7M4_T_le_v4SPD16_eabi.lib : _printfi.c.obj (.text:_pconv_e)
                  000034ac    00000136                                   : fd_div_t2.asm.obj (.text)
                  000035e2    00000002     --HOLE-- [fill = 0]
                  000035e4    00000124                                   : _printfi.c.obj (.text:fcvt)
                  00003708    00000110                                   : s_scalbn.c.obj (.text:scalbn)
                  00003818    000000fc                                   : fd_mul_t2.asm.obj (.text)
                  00003914    000000b1                                   : _printfi.c.obj (.text:_ltostr)
                  000039c5    00000001     --HOLE-- [fill = 0]
                  000039c6    0000009c                                   : memcpy_t2.asm.obj (.text)
                  00003a62    00000096                                   : ull_div_t2.asm.obj (.text)
                  00003af8    00000086                                   : fd_cmp_t2.asm.obj (.text:__aeabi_cdcmple)
                  00003b7e    00000086                                   : fd_cmp_t2.asm.obj (.text:__aeabi_cdrcmple)
                  00003c04    0000007a                                   : memset_t2.asm.obj (.text)
                  00003c7e    0000006e                                   : _printfi.c.obj (.text:_mcpy)
                  00003cec    00000068                                   : copy_decompress_lzss.c.obj (.text:decompress:lzss:__TI_decompress_lzss)
                  00003d54    00000064                                   : s_frexp.c.obj (.text:frexp)
                  00003db8    00000056                                   : _printfi.c.obj (.text:_pconv_f)
                  00003e0e    00000054                                   : _ltoa.c.obj (.text:__TI_ltoa)
                  00003e62    00000052                                   : _printfi.c.obj (.text:_ecpy)
                  00003eb4    0000004c                                   : atoi.c.obj (.text:atoi)
                  00003f00    00000048                                   : fd_toi_t2.asm.obj (.text)
                  00003f48    00000044                                   : autoinit.c.obj (.text:__TI_auto_init_nobinit_nopinit:__TI_auto_init_nobinit_nopinit)
                  00003f8c    00000040                                   : sprintf.c.obj (.text:sprintf)
                  00003fcc    0000003e                                   : _printfi.c.obj (.text:_fcpy)
                  0000400a    00000002     --HOLE-- [fill = 0]
                  0000400c    00000034                                   : boot_cortex_m.c.obj (.text:_c_int00_noargs:_c_int00_noargs)
                  00004040    0000002e                                   : i_tofd_t2.asm.obj (.text)
                  0000406e    00000026     wait.obj (.text)
                  00004094    0000001c     rtsv7M4_T_le_v4SPD16_eabi.lib : copy_zero_init.c.obj (.text:decompress:ZI:__TI_zero_init_nomemset:__TI_zero_init_nomemset)
                  000040b0    0000001c                                   : memccpy.c.obj (.text:memccpy)
                  000040cc    0000001a                                   : s_copysign.c.obj (.text:copysign)
                  000040e6    00000018                                   : sprintf.c.obj (.text:_outs)
                  000040fe    00000016                                   : strchr.c.obj (.text:strchr)
                  00004114    00000014                                   : strlen.c.obj (.text:strlen)
                  00004128    00000012                                   : wcslen.c.obj (.text:wcslen)
                  0000413a    0000000e                                   : copy_decompress_none.c.obj (.text:decompress:none:__TI_decompress_none)
                  00004148    0000000c     tm4c123gh6pm_startup_ccs.obj (.text)
                  00004154    0000000a     rtsv7M4_T_le_v4SPD16_eabi.lib : sprintf.c.obj (.text:_outc)
                  0000415e    00000002     --HOLE-- [fill = 0]
                  00004160    00000008                                   : errno.c.obj (.text:__aeabi_errno_addr)
                  00004168    00000004                                   : pre_init.c.obj (.text:_system_pre_init)
                  0000416c    00000004                                   : exit.c.obj (.text:abort:abort)

.const     0    00004170    00000101     
                  00004170    00000101     rtsv7M4_T_le_v4SPD16_eabi.lib : ctype.c.obj (.const:.string:_ctypes_)

.cinit     0    00004278    00000040     
                  00004278    00000018     (.cinit..data.load) [load image, compression = lzss]
                  00004290    0000000c     (__TI_handler_table)
                  0000429c    00000004     --HOLE-- [fill = 0]
                  000042a0    00000008     (.cinit..bss.load) [load image, compression = zero_init]
                  000042a8    00000010     (__TI_cinit_table)

.init_array 
*          0    00000000    00000000     UNINITIALIZED

.data      0    20002000    0000001c     UNINITIALIZED
                  20002000    00000006     eth0.obj (.data:macAddress)
                  20002006    00000004     eth0.obj (.data)
                  2000200a    00000004     eth0.obj (.data:ipAddress)
                  2000200e    00000004     eth0.obj (.data:ipGwAddress)
                  20002012    00000004     eth0.obj (.data:ipSubnetMask)
                  20002016    00000002     --HOLE--
                  20002018    00000004     rtsv7M4_T_le_v4SPD16_eabi.lib : errno.c.obj (.data)

.bss       0    2000201c    00000004     UNINITIALIZED
                  2000201c    00000004     (.common:sum)

.stack     0    20000000    00002000     UNINITIALIZED
                  20000000    00000004     rtsv7M4_T_le_v4SPD16_eabi.lib : boot_cortex_m.c.obj (.stack)
                  20000004    00001ffc     --HOLE--

__llvm_prf_cnts 
*          0    20000000    00000000     UNINITIALIZED

MODULE SUMMARY

       Module                         code    ro data   rw data
       ------                         ----    -------   -------
    ./
       eth0.obj                       4824    0         26     
       gpio.obj                       1984    0         0      
       ethernet.obj                   840     0         0      
       tm4c123gh6pm_startup_ccs.obj   12      620       0      
       uart0.obj                      380     0         0      
       spi0.obj                       352     0         0      
       wait.obj                       38      0         0      
    +--+------------------------------+-------+---------+---------+
       Total:                         8430    620       26     
                                                               
    /home/gnclab/ti/ccs1000/ccs/tools/compiler/ti-cgt-arm_20.2.0.LTS/lib/rtsv7M4_T_le_v4SPD16_eabi.lib
       _printfi.c.obj                 4851    0         0      
       fd_add_t2.asm.obj              438     0         0      
       fd_div_t2.asm.obj              310     0         0      
       s_scalbn.c.obj                 272     0         0      
       fd_cmp_t2.asm.obj              268     0         0      
       ctype.c.obj                    0       257       0      
       fd_mul_t2.asm.obj              252     0         0      
       memcpy_t2.asm.obj              156     0         0      
       ull_div_t2.asm.obj             150     0         0      
       memset_t2.asm.obj              122     0         0      
       copy_decompress_lzss.c.obj     104     0         0      
       s_frexp.c.obj                  100     0         0      
       sprintf.c.obj                  98      0         0      
       _ltoa.c.obj                    84      0         0      
       atoi.c.obj                     76      0         0      
       fd_toi_t2.asm.obj              72      0         0      
       autoinit.c.obj                 68      0         0      
       boot_cortex_m.c.obj            52      0         0      
       i_tofd_t2.asm.obj              46      0         0      
       copy_zero_init.c.obj           28      0         0      
       memccpy.c.obj                  28      0         0      
       s_copysign.c.obj               26      0         0      
       strchr.c.obj                   22      0         0      
       strlen.c.obj                   20      0         0      
       wcslen.c.obj                   18      0         0      
       copy_decompress_none.c.obj     14      0         0      
       errno.c.obj                    8       0         4      
       exit.c.obj                     4       0         0      
       pre_init.c.obj                 4       0         0      
       div0.asm.obj                   2       0         0      
    +--+------------------------------+-------+---------+---------+
       Total:                         7693    257       4      
                                                               
       Stack:                         0       0         8192   
       Linker Generated:              0       60        0      
    +--+------------------------------+-------+---------+---------+
       Grand Total:                   16123   937       8222   


LINKER GENERATED COPY TABLES

__TI_cinit_table @ 000042a8 records: 2, size/record: 8, table size: 16
	.data: load addr=00004278, load size=00000018 bytes, run addr=20002000, run size=0000001c bytes, compression=lzss
	.bss: load addr=000042a0, load size=00000008 bytes, run addr=2000201c, run size=00000004 bytes, compression=zero_init


LINKER GENERATED HANDLER TABLE

__TI_handler_table @ 00004290 records: 3, size/record: 4, table size: 12
	index: 0, handler: __TI_decompress_lzss
	index: 1, handler: __TI_decompress_none
	index: 2, handler: __TI_zero_init


GLOBAL SYMBOLS: SORTED ALPHABETICALLY BY Name 

address   name                          
-------   ----                          
0000416d  C$$EXIT                       
00004149  ResetISR                      
20002000  __STACK_END                   
00002000  __STACK_SIZE                  
20000200  __STACK_TOP                   
000042a8  __TI_CINIT_Base               
000042b8  __TI_CINIT_Limit              
00004290  __TI_Handler_Table_Base       
0000429c  __TI_Handler_Table_Limit      
00003f49  __TI_auto_init_nobinit_nopinit
00003ced  __TI_decompress_lzss          
0000413b  __TI_decompress_none          
00003e0f  __TI_ltoa                     
ffffffff  __TI_pprof_out_hndl           
00001545  __TI_printfi                  
ffffffff  __TI_prof_data_size           
ffffffff  __TI_prof_data_start          
00000000  __TI_static_base__            
00004095  __TI_zero_init_nomemset       
00003af9  __aeabi_cdcmpeq               
00003af9  __aeabi_cdcmple               
00003b7f  __aeabi_cdrcmple              
00003f01  __aeabi_d2iz                  
00002ee7  __aeabi_dadd                  
000034ad  __aeabi_ddiv                  
00003819  __aeabi_dmul                  
00002edd  __aeabi_dsub                  
00004161  __aeabi_errno_addr            
00004041  __aeabi_i2d                   
00001f93  __aeabi_idiv0                 
00001f93  __aeabi_ldiv0                 
00003c05  __aeabi_memclr                
00003c05  __aeabi_memclr4               
00003c05  __aeabi_memclr8               
000039c7  __aeabi_memcpy                
000039c7  __aeabi_memcpy4               
000039c7  __aeabi_memcpy8               
00003c07  __aeabi_memset                
00003c07  __aeabi_memset4               
00003c07  __aeabi_memset8               
00003a63  __aeabi_uldivmod              
ffffffff  __binit__                     
ffffffff  __c_args__                    
UNDEFED   __mpu_init                    
20000000  __stack                       
20000000  __start___llvm_prf_cnts       
20000000  __stop___llvm_prf_cnts        
0000400d  _c_int00_noargs               
00004170  _ctypes_                      
UNDEFED   _system_post_cinit            
00004169  _system_pre_init              
0000416d  abort                         
00003eb5  atoi                          
ffffffff  binit                         
000040cd  copysign                      
000040cd  copysignl                     
20002009  dhcpEnabled                   
000025c5  disablePinInterrupt           
000022fd  disablePinPulldown            
000022b5  disablePinPullup              
00002051  disablePort                   
0000278b  displayConnectionInfo         
000025a1  enablePinInterrupt            
000022d9  enablePinPulldown             
00002287  enablePinPullup               
00001f95  enablePort                    
20002018  errno                         
00000939  etherCalcIpChecksum           
0000032b  etherClearReg                 
00000283  etherCsOff                    
0000026d  etherCsOn                     
00001105  etherDisableDhcpMode          
000010fd  etherEnableDhcpMode           
000010e7  etherGetId                    
0000117d  etherGetIpAddress             
00001261  etherGetIpGatewayAddress      
000011ef  etherGetIpSubnetMask          
000012dd  etherGetMacAddress            
000006a5  etherGetPacket                
00000ef5  etherGetUdpData               
000010f3  etherIncId                    
00000477  etherInit                     
00000bc3  etherIsArpRequest             
0000065b  etherIsDataAvailable          
0000110d  etherIsDhcpEnabled            
00000995  etherIsIp                     
00000a09  etherIsIpUnicast              
00001119  etherIsIpValid                
00000641  etherIsLinkUp                 
00000675  etherIsOverflow               
00000a6b  etherIsPingRequest            
00001317  etherIsTcp                    
00000e55  etherIsUdp                    
00000791  etherPutPacket                
0000045f  etherReadMem                  
0000044d  etherReadMemStart             
0000046f  etherReadMemStop              
000003b3  etherReadPhy                  
000002c5  etherReadReg                  
00000d43  etherSendArpRequest           
00000c69  etherSendArpResponse          
00000aab  etherSendPingResponse         
00000f21  etherSendUdpResponse          
0000035f  etherSetBank                  
0000113f  etherSetIpAddress             
00001229  etherSetIpGatewayAddress      
000011b7  etherSetIpSubnetMask          
0000129b  etherSetMacAddress            
000002f7  etherSetReg                   
00000873  etherSumWords                 
00000431  etherWriteMem                 
0000041f  etherWriteMemStart            
00000445  etherWriteMemStop             
0000037b  etherWritePhy                 
00000291  etherWriteReg                 
00003d55  frexp                         
00003d55  frexpl                        
00000000  g_pfnVectors                  
000008ed  getEtherChecksum              
0000260f  getPinValue                   
000026c5  getPortValue                  
0000319d  getcUart0                     
00000971  htons                         
00002755  initHw                        
00003211  initSpi0                      
00003095  initUart0                     
2000200a  ipAddress                     
2000200e  ipGwAddress                   
20002012  ipSubnetMask                  
000031b1  kbhitUart0                    
00003709  ldexp                         
00003709  ldexpl                        
20002000  macAddress                    
00002915  main                          
000040b1  memccpy                       
000039c7  memcpy                        
00003c0d  memset                        
20002006  nextPacketLsb                 
20002007  nextPacketMsb                 
00003155  putcUart0                     
00003171  putsUart0                     
00003349  readSpi0Data                  
00003709  scalbn                        
00003709  scalbnl                       
000021bb  selectPinAnalogInput          
0000216d  selectPinDigitalInput         
000024d7  selectPinInterruptBothEdges   
00002487  selectPinInterruptFallingEdge 
0000252d  selectPinInterruptHighLevel   
00002567  selectPinInterruptLowLevel    
00002437  selectPinInterruptRisingEdge  
0000211f  selectPinOpenDrainOutput      
000020d1  selectPinPushPullOutput       
00001371  sendSyn                       
20002008  sequenceId                    
00002325  setPinAuxFunction             
0000220b  setPinCommitControl           
000025e9  setPinValue                   
00002641  setPortValue                  
000032ad  setSpi0BaudRate               
000032e3  setSpi0Mode                   
00003129  setUart0BaudRate              
00003f8d  sprintf                       
000040ff  strchr                        
00004115  strlen                        
2000201c  sum                           
0000406f  waitMicrosecond               
00004129  wcslen                        
00003331  writeSpi0Data                 


GLOBAL SYMBOLS: SORTED BY Symbol Address 

address   name                          
-------   ----                          
00000000  __TI_static_base__            
00000000  g_pfnVectors                  
0000026d  etherCsOn                     
00000283  etherCsOff                    
00000291  etherWriteReg                 
000002c5  etherReadReg                  
000002f7  etherSetReg                   
0000032b  etherClearReg                 
0000035f  etherSetBank                  
0000037b  etherWritePhy                 
000003b3  etherReadPhy                  
0000041f  etherWriteMemStart            
00000431  etherWriteMem                 
00000445  etherWriteMemStop             
0000044d  etherReadMemStart             
0000045f  etherReadMem                  
0000046f  etherReadMemStop              
00000477  etherInit                     
00000641  etherIsLinkUp                 
0000065b  etherIsDataAvailable          
00000675  etherIsOverflow               
000006a5  etherGetPacket                
00000791  etherPutPacket                
00000873  etherSumWords                 
000008ed  getEtherChecksum              
00000939  etherCalcIpChecksum           
00000971  htons                         
00000995  etherIsIp                     
00000a09  etherIsIpUnicast              
00000a6b  etherIsPingRequest            
00000aab  etherSendPingResponse         
00000bc3  etherIsArpRequest             
00000c69  etherSendArpResponse          
00000d43  etherSendArpRequest           
00000e55  etherIsUdp                    
00000ef5  etherGetUdpData               
00000f21  etherSendUdpResponse          
000010e7  etherGetId                    
000010f3  etherIncId                    
000010fd  etherEnableDhcpMode           
00001105  etherDisableDhcpMode          
0000110d  etherIsDhcpEnabled            
00001119  etherIsIpValid                
0000113f  etherSetIpAddress             
0000117d  etherGetIpAddress             
000011b7  etherSetIpSubnetMask          
000011ef  etherGetIpSubnetMask          
00001229  etherSetIpGatewayAddress      
00001261  etherGetIpGatewayAddress      
0000129b  etherSetMacAddress            
000012dd  etherGetMacAddress            
00001317  etherIsTcp                    
00001371  sendSyn                       
00001545  __TI_printfi                  
00001f93  __aeabi_idiv0                 
00001f93  __aeabi_ldiv0                 
00001f95  enablePort                    
00002000  __STACK_SIZE                  
00002051  disablePort                   
000020d1  selectPinPushPullOutput       
0000211f  selectPinOpenDrainOutput      
0000216d  selectPinDigitalInput         
000021bb  selectPinAnalogInput          
0000220b  setPinCommitControl           
00002287  enablePinPullup               
000022b5  disablePinPullup              
000022d9  enablePinPulldown             
000022fd  disablePinPulldown            
00002325  setPinAuxFunction             
00002437  selectPinInterruptRisingEdge  
00002487  selectPinInterruptFallingEdge 
000024d7  selectPinInterruptBothEdges   
0000252d  selectPinInterruptHighLevel   
00002567  selectPinInterruptLowLevel    
000025a1  enablePinInterrupt            
000025c5  disablePinInterrupt           
000025e9  setPinValue                   
0000260f  getPinValue                   
00002641  setPortValue                  
000026c5  getPortValue                  
00002755  initHw                        
0000278b  displayConnectionInfo         
00002915  main                          
00002edd  __aeabi_dsub                  
00002ee7  __aeabi_dadd                  
00003095  initUart0                     
00003129  setUart0BaudRate              
00003155  putcUart0                     
00003171  putsUart0                     
0000319d  getcUart0                     
000031b1  kbhitUart0                    
00003211  initSpi0                      
000032ad  setSpi0BaudRate               
000032e3  setSpi0Mode                   
00003331  writeSpi0Data                 
00003349  readSpi0Data                  
000034ad  __aeabi_ddiv                  
00003709  ldexp                         
00003709  ldexpl                        
00003709  scalbn                        
00003709  scalbnl                       
00003819  __aeabi_dmul                  
000039c7  __aeabi_memcpy                
000039c7  __aeabi_memcpy4               
000039c7  __aeabi_memcpy8               
000039c7  memcpy                        
00003a63  __aeabi_uldivmod              
00003af9  __aeabi_cdcmpeq               
00003af9  __aeabi_cdcmple               
00003b7f  __aeabi_cdrcmple              
00003c05  __aeabi_memclr                
00003c05  __aeabi_memclr4               
00003c05  __aeabi_memclr8               
00003c07  __aeabi_memset                
00003c07  __aeabi_memset4               
00003c07  __aeabi_memset8               
00003c0d  memset                        
00003ced  __TI_decompress_lzss          
00003d55  frexp                         
00003d55  frexpl                        
00003e0f  __TI_ltoa                     
00003eb5  atoi                          
00003f01  __aeabi_d2iz                  
00003f49  __TI_auto_init_nobinit_nopinit
00003f8d  sprintf                       
0000400d  _c_int00_noargs               
00004041  __aeabi_i2d                   
0000406f  waitMicrosecond               
00004095  __TI_zero_init_nomemset       
000040b1  memccpy                       
000040cd  copysign                      
000040cd  copysignl                     
000040ff  strchr                        
00004115  strlen                        
00004129  wcslen                        
0000413b  __TI_decompress_none          
00004149  ResetISR                      
00004161  __aeabi_errno_addr            
00004169  _system_pre_init              
0000416d  C$$EXIT                       
0000416d  abort                         
00004170  _ctypes_                      
00004290  __TI_Handler_Table_Base       
0000429c  __TI_Handler_Table_Limit      
000042a8  __TI_CINIT_Base               
000042b8  __TI_CINIT_Limit              
20000000  __stack                       
20000000  __start___llvm_prf_cnts       
20000000  __stop___llvm_prf_cnts        
20000200  __STACK_TOP                   
20002000  __STACK_END                   
20002000  macAddress                    
20002006  nextPacketLsb                 
20002007  nextPacketMsb                 
20002008  sequenceId                    
20002009  dhcpEnabled                   
2000200a  ipAddress                     
2000200e  ipGwAddress                   
20002012  ipSubnetMask                  
20002018  errno                         
2000201c  sum                           
ffffffff  __TI_pprof_out_hndl           
ffffffff  __TI_prof_data_size           
ffffffff  __TI_prof_data_start          
ffffffff  __binit__                     
ffffffff  __c_args__                    
ffffffff  binit                         
UNDEFED   __mpu_init                    
UNDEFED   _system_post_cinit            

[169 symbols]
