******************************************************************************
                  TI ARM Linker PC v18.12.3                    
******************************************************************************
>> Linked Wed Apr 22 19:46:13 2020

OUTPUT FILE NAME:   <Ethernet_IoT.out>
ENTRY POINT SYMBOL: "_c_int00_noargs"  address: 00003f21


MEMORY CONFIGURATION

         name            origin    length      used     unused   attr    fill
----------------------  --------  ---------  --------  --------  ----  --------
  FLASH                 00000000   00040000  000041c5  0003be3b  R  X
  SRAM                  20000000   00008000  00002020  00005fe0  RW X


SEGMENT ALLOCATION MAP

run origin  load origin   length   init length attrs members
----------  ----------- ---------- ----------- ----- -------
00000000    00000000    000041c8   000041c8    r-x
  00000000    00000000    0000026c   0000026c    r-- .intvecs
  0000026c    0000026c    00003e18   00003e18    r-x .text
  00004084    00004084    00000101   00000101    r-- .const
  00004188    00004188    00000040   00000040    r-- .cinit
20000000    20000000    00002020   00000000    rw-
  20000000    20000000    00002000   00000000    rw- .stack
  20002000    20002000    0000001c   00000000    rw- .data
  2000201c    2000201c    00000004   00000000    rw- .bss


SECTION ALLOCATION MAP

 output                                  attributes/
section   page    origin      length       input sections
--------  ----  ----------  ----------   ----------------
.intvecs   0    00000000    0000026c     
                  00000000    0000026c     tm4c123gh6pm_startup_ccs.obj (.intvecs)

.text      0    0000026c    00003e18     
                  0000026c    000011f4     eth0.obj (.text)
                  00001460    00000a4e     rtsv7M4_T_le_v4SPD16_eabi.lib : _printfi.c.obj (.text:__TI_printfi)
                  00001eae    00000002                                   : div0.asm.obj (.text)
                  00001eb0    000007c0     gpio.obj (.text)
                  00002670    00000340     ethernet.obj (.text)
                  000029b0    00000270     rtsv7M4_T_le_v4SPD16_eabi.lib : _printfi.c.obj (.text:_pconv_a)
                  00002c20    000001d0                                   : _printfi.c.obj (.text:_pconv_g)
                  00002df0    000001b6                                   : fd_add_t2.asm.obj (.text)
                  00002fa6    00000002     --HOLE-- [fill = 0]
                  00002fa8    0000017c     uart0.obj (.text)
                  00003124    00000160     spi0.obj (.text)
                  00003284    0000013c     rtsv7M4_T_le_v4SPD16_eabi.lib : _printfi.c.obj (.text:_pconv_e)
                  000033c0    00000136                                   : fd_div_t2.asm.obj (.text)
                  000034f6    00000002     --HOLE-- [fill = 0]
                  000034f8    00000124                                   : _printfi.c.obj (.text:fcvt)
                  0000361c    00000110                                   : s_scalbn.c.obj (.text:scalbn)
                  0000372c    000000fc                                   : fd_mul_t2.asm.obj (.text)
                  00003828    000000b1                                   : _printfi.c.obj (.text:_ltostr)
                  000038d9    00000001     --HOLE-- [fill = 0]
                  000038da    0000009c                                   : memcpy_t2.asm.obj (.text)
                  00003976    00000096                                   : ull_div_t2.asm.obj (.text)
                  00003a0c    00000086                                   : fd_cmp_t2.asm.obj (.text:__aeabi_cdcmple)
                  00003a92    00000086                                   : fd_cmp_t2.asm.obj (.text:__aeabi_cdrcmple)
                  00003b18    0000007a                                   : memset_t2.asm.obj (.text)
                  00003b92    0000006e                                   : _printfi.c.obj (.text:_mcpy)
                  00003c00    00000068                                   : copy_decompress_lzss.c.obj (.text:decompress:lzss:__TI_decompress_lzss)
                  00003c68    00000064                                   : s_frexp.c.obj (.text:frexp)
                  00003ccc    00000056                                   : _printfi.c.obj (.text:_pconv_f)
                  00003d22    00000054                                   : ltoa.c.obj (.text:ltoa)
                  00003d76    00000052                                   : _printfi.c.obj (.text:_ecpy)
                  00003dc8    0000004c                                   : atoi.c.obj (.text:atoi)
                  00003e14    00000048                                   : fd_toi_t2.asm.obj (.text)
                  00003e5c    00000044                                   : autoinit.c.obj (.text:__TI_auto_init_nobinit_nopinit:__TI_auto_init_nobinit_nopinit)
                  00003ea0    00000040                                   : sprintf.c.obj (.text:sprintf)
                  00003ee0    0000003e                                   : _printfi.c.obj (.text:_fcpy)
                  00003f1e    00000002     --HOLE-- [fill = 0]
                  00003f20    00000034                                   : boot_cortex_m.c.obj (.text:_c_int00_noargs:_c_int00_noargs)
                  00003f54    0000002e                                   : i_tofd_t2.asm.obj (.text)
                  00003f82    00000026     wait.obj (.text)
                  00003fa8    0000001c     rtsv7M4_T_le_v4SPD16_eabi.lib : copy_zero_init.c.obj (.text:decompress:ZI:__TI_zero_init_nomemset:__TI_zero_init_nomemset)
                  00003fc4    0000001c                                   : memccpy.c.obj (.text:memccpy)
                  00003fe0    0000001a                                   : s_copysign.c.obj (.text:copysign)
                  00003ffa    00000018                                   : sprintf.c.obj (.text:_outs)
                  00004012    00000016                                   : strchr.c.obj (.text:strchr)
                  00004028    00000014                                   : strlen.c.obj (.text:strlen)
                  0000403c    00000012                                   : wcslen.c.obj (.text:wcslen)
                  0000404e    0000000e                                   : copy_decompress_none.c.obj (.text:decompress:none:__TI_decompress_none)
                  0000405c    0000000c     tm4c123gh6pm_startup_ccs.obj (.text)
                  00004068    0000000a     rtsv7M4_T_le_v4SPD16_eabi.lib : sprintf.c.obj (.text:_outc)
                  00004072    00000002     --HOLE-- [fill = 0]
                  00004074    00000008                                   : errno.c.obj (.text:__aeabi_errno_addr)
                  0000407c    00000004                                   : pre_init.c.obj (.text:_system_pre_init)
                  00004080    00000004                                   : exit.c.obj (.text:abort:abort)

.const     0    00004084    00000101     
                  00004084    00000101     rtsv7M4_T_le_v4SPD16_eabi.lib : ctype.c.obj (.const:.string:_ctypes_)

.cinit     0    00004188    00000040     
                  00004188    00000018     (.cinit..data.load) [load image, compression = lzss]
                  000041a0    0000000c     (__TI_handler_table)
                  000041ac    00000004     --HOLE-- [fill = 0]
                  000041b0    00000008     (.cinit..bss.load) [load image, compression = zero_init]
                  000041b8    00000010     (__TI_cinit_table)

.init_array 
*          0    00000000    00000000     UNINITIALIZED

.data      0    20002000    0000001c     UNINITIALIZED
                  20002000    00000006     eth0.obj (.data:macAddress)
                  20002006    00000004     eth0.obj (.data)
                  2000200a    00000004     eth0.obj (.data:ipAddress)
                  2000200e    00000004     eth0.obj (.data:ipGwAddress)
                  20002012    00000004     eth0.obj (.data:ipSubnetMask)
                  20002016    00000002     --HOLE--
                  20002018    00000004     rtsv7M4_T_le_v4SPD16_eabi.lib : errno.c.obj (.data)

.bss       0    2000201c    00000004     UNINITIALIZED
                  2000201c    00000004     (.common:sum)

.stack     0    20000000    00002000     UNINITIALIZED
                  20000000    00000004     rtsv7M4_T_le_v4SPD16_eabi.lib : boot_cortex_m.c.obj (.stack)
                  20000004    00001ffc     --HOLE--

MODULE SUMMARY

       Module                         code    ro data   rw data
       ------                         ----    -------   -------
    .\
       eth0.obj                       4596    0         26     
       gpio.obj                       1984    0         0      
       ethernet.obj                   832     0         0      
       tm4c123gh6pm_startup_ccs.obj   12      620       0      
       uart0.obj                      380     0         0      
       spi0.obj                       352     0         0      
       wait.obj                       38      0         0      
    +--+------------------------------+-------+---------+---------+
       Total:                         8194    620       26     
                                                               
    C:\ti\ccs920\ccs\tools\compiler\ti-cgt-arm_18.12.3.LTS\lib\rtsv7M4_T_le_v4SPD16_eabi.lib
       _printfi.c.obj                 4851    0         0      
       fd_add_t2.asm.obj              438     0         0      
       fd_div_t2.asm.obj              310     0         0      
       s_scalbn.c.obj                 272     0         0      
       fd_cmp_t2.asm.obj              268     0         0      
       ctype.c.obj                    0       257       0      
       fd_mul_t2.asm.obj              252     0         0      
       memcpy_t2.asm.obj              156     0         0      
       ull_div_t2.asm.obj             150     0         0      
       memset_t2.asm.obj              122     0         0      
       copy_decompress_lzss.c.obj     104     0         0      
       s_frexp.c.obj                  100     0         0      
       sprintf.c.obj                  98      0         0      
       ltoa.c.obj                     84      0         0      
       atoi.c.obj                     76      0         0      
       fd_toi_t2.asm.obj              72      0         0      
       autoinit.c.obj                 68      0         0      
       boot_cortex_m.c.obj            52      0         0      
       i_tofd_t2.asm.obj              46      0         0      
       copy_zero_init.c.obj           28      0         0      
       memccpy.c.obj                  28      0         0      
       s_copysign.c.obj               26      0         0      
       strchr.c.obj                   22      0         0      
       strlen.c.obj                   20      0         0      
       wcslen.c.obj                   18      0         0      
       copy_decompress_none.c.obj     14      0         0      
       errno.c.obj                    8       0         4      
       exit.c.obj                     4       0         0      
       pre_init.c.obj                 4       0         0      
       div0.asm.obj                   2       0         0      
    +--+------------------------------+-------+---------+---------+
       Total:                         7693    257       4      
                                                               
       Stack:                         0       0         8192   
       Linker Generated:              0       60        0      
    +--+------------------------------+-------+---------+---------+
       Grand Total:                   15887   937       8222   


LINKER GENERATED COPY TABLES

__TI_cinit_table @ 000041b8 records: 2, size/record: 8, table size: 16
	.data: load addr=00004188, load size=00000018 bytes, run addr=20002000, run size=0000001c bytes, compression=lzss
	.bss: load addr=000041b0, load size=00000008 bytes, run addr=2000201c, run size=00000004 bytes, compression=zero_init


LINKER GENERATED HANDLER TABLE

__TI_handler_table @ 000041a0 records: 3, size/record: 4, table size: 12
	index: 0, handler: __TI_decompress_lzss
	index: 1, handler: __TI_decompress_none
	index: 2, handler: __TI_zero_init


GLOBAL SYMBOLS: SORTED ALPHABETICALLY BY Name 

address   name                          
-------   ----                          
00004081  C$$EXIT                       
0000405d  ResetISR                      
20002000  __STACK_END                   
00002000  __STACK_SIZE                  
20000200  __STACK_TOP                   
000041b8  __TI_CINIT_Base               
000041c8  __TI_CINIT_Limit              
000041a0  __TI_Handler_Table_Base       
000041ac  __TI_Handler_Table_Limit      
00003e5d  __TI_auto_init_nobinit_nopinit
00003c01  __TI_decompress_lzss          
0000404f  __TI_decompress_none          
ffffffff  __TI_pprof_out_hndl           
00001461  __TI_printfi                  
ffffffff  __TI_prof_data_size           
ffffffff  __TI_prof_data_start          
00000000  __TI_static_base__            
00003fa9  __TI_zero_init_nomemset       
00003a0d  __aeabi_cdcmpeq               
00003a0d  __aeabi_cdcmple               
00003a93  __aeabi_cdrcmple              
00003e15  __aeabi_d2iz                  
00002dfb  __aeabi_dadd                  
000033c1  __aeabi_ddiv                  
0000372d  __aeabi_dmul                  
00002df1  __aeabi_dsub                  
00004075  __aeabi_errno_addr            
00003f55  __aeabi_i2d                   
00001eaf  __aeabi_idiv0                 
00001eaf  __aeabi_ldiv0                 
00003b19  __aeabi_memclr                
00003b19  __aeabi_memclr4               
00003b19  __aeabi_memclr8               
000038db  __aeabi_memcpy                
000038db  __aeabi_memcpy4               
000038db  __aeabi_memcpy8               
00003b1b  __aeabi_memset                
00003b1b  __aeabi_memset4               
00003b1b  __aeabi_memset8               
00003977  __aeabi_uldivmod              
ffffffff  __binit__                     
ffffffff  __c_args__                    
UNDEFED   __mpu_init                    
20000000  __stack                       
00003f21  _c_int00_noargs               
00004084  _ctypes_                      
UNDEFED   _system_post_cinit            
0000407d  _system_pre_init              
00004081  abort                         
00003dc9  atoi                          
ffffffff  binit                         
00003fe1  copysign                      
00003fe1  copysignl                     
20002009  dhcpEnabled                   
000024e1  disablePinInterrupt           
00002219  disablePinPulldown            
000021d1  disablePinPullup              
00001f6d  disablePort                   
000026a7  displayConnectionInfo         
000024bd  enablePinInterrupt            
000021f5  enablePinPulldown             
000021a3  enablePinPullup               
00001eb1  enablePort                    
20002018  errno                         
00000939  etherCalcIpChecksum           
0000032b  etherClearReg                 
00000283  etherCsOff                    
0000026d  etherCsOn                     
00001105  etherDisableDhcpMode          
000010fd  etherEnableDhcpMode           
000010e7  etherGetId                    
0000117d  etherGetIpAddress             
00001261  etherGetIpGatewayAddress      
000011ef  etherGetIpSubnetMask          
000012dd  etherGetMacAddress            
000006a5  etherGetPacket                
00000ef5  etherGetUdpData               
000010f3  etherIncId                    
00000477  etherInit                     
00000bc3  etherIsArpRequest             
0000065b  etherIsDataAvailable          
0000110d  etherIsDhcpEnabled            
00000995  etherIsIp                     
00000a09  etherIsIpUnicast              
00001119  etherIsIpValid                
00000641  etherIsLinkUp                 
00000675  etherIsOverflow               
00000a6b  etherIsPingRequest            
00001317  etherIsTcp                    
00000e55  etherIsUdp                    
00000791  etherPutPacket                
0000045f  etherReadMem                  
0000044d  etherReadMemStart             
0000046f  etherReadMemStop              
000003b3  etherReadPhy                  
000002c5  etherReadReg                  
00000d43  etherSendArpRequest           
00000c69  etherSendArpResponse          
00000aab  etherSendPingResponse         
00000f21  etherSendUdpResponse          
0000035f  etherSetBank                  
0000113f  etherSetIpAddress             
00001229  etherSetIpGatewayAddress      
000011b7  etherSetIpSubnetMask          
0000129b  etherSetMacAddress            
000002f7  etherSetReg                   
00000873  etherSumWords                 
00000431  etherWriteMem                 
0000041f  etherWriteMemStart            
00000445  etherWriteMemStop             
0000037b  etherWritePhy                 
00000291  etherWriteReg                 
00003c69  frexp                         
00003c69  frexpl                        
00000000  g_pfnVectors                  
000008ed  getEtherChecksum              
0000252b  getPinValue                   
000025e1  getPortValue                  
000030b1  getcUart0                     
00000971  htons                         
00002671  initHw                        
00003125  initSpi0                      
00002fa9  initUart0                     
2000200a  ipAddress                     
2000200e  ipGwAddress                   
20002012  ipSubnetMask                  
000030c5  kbhitUart0                    
0000361d  ldexp                         
0000361d  ldexpl                        
00003d23  ltoa                          
20002000  macAddress                    
00002831  main                          
00003fc5  memccpy                       
000038db  memcpy                        
00003b21  memset                        
20002006  nextPacketLsb                 
20002007  nextPacketMsb                 
00003069  putcUart0                     
00003085  putsUart0                     
0000325d  readSpi0Data                  
0000361d  scalbn                        
0000361d  scalbnl                       
000020d7  selectPinAnalogInput          
00002089  selectPinDigitalInput         
000023f3  selectPinInterruptBothEdges   
000023a3  selectPinInterruptFallingEdge 
00002449  selectPinInterruptHighLevel   
00002483  selectPinInterruptLowLevel    
00002353  selectPinInterruptRisingEdge  
0000203b  selectPinOpenDrainOutput      
00001fed  selectPinPushPullOutput       
00001355  sendSyn                       
20002008  sequenceId                    
00002241  setPinAuxFunction             
00002127  setPinCommitControl           
00002505  setPinValue                   
0000255d  setPortValue                  
000031c1  setSpi0BaudRate               
000031f7  setSpi0Mode                   
0000303d  setUart0BaudRate              
00003ea1  sprintf                       
00004013  strchr                        
00004029  strlen                        
2000201c  sum                           
00003f83  waitMicrosecond               
0000403d  wcslen                        
00003245  writeSpi0Data                 


GLOBAL SYMBOLS: SORTED BY Symbol Address 

address   name                          
-------   ----                          
00000000  __TI_static_base__            
00000000  g_pfnVectors                  
0000026d  etherCsOn                     
00000283  etherCsOff                    
00000291  etherWriteReg                 
000002c5  etherReadReg                  
000002f7  etherSetReg                   
0000032b  etherClearReg                 
0000035f  etherSetBank                  
0000037b  etherWritePhy                 
000003b3  etherReadPhy                  
0000041f  etherWriteMemStart            
00000431  etherWriteMem                 
00000445  etherWriteMemStop             
0000044d  etherReadMemStart             
0000045f  etherReadMem                  
0000046f  etherReadMemStop              
00000477  etherInit                     
00000641  etherIsLinkUp                 
0000065b  etherIsDataAvailable          
00000675  etherIsOverflow               
000006a5  etherGetPacket                
00000791  etherPutPacket                
00000873  etherSumWords                 
000008ed  getEtherChecksum              
00000939  etherCalcIpChecksum           
00000971  htons                         
00000995  etherIsIp                     
00000a09  etherIsIpUnicast              
00000a6b  etherIsPingRequest            
00000aab  etherSendPingResponse         
00000bc3  etherIsArpRequest             
00000c69  etherSendArpResponse          
00000d43  etherSendArpRequest           
00000e55  etherIsUdp                    
00000ef5  etherGetUdpData               
00000f21  etherSendUdpResponse          
000010e7  etherGetId                    
000010f3  etherIncId                    
000010fd  etherEnableDhcpMode           
00001105  etherDisableDhcpMode          
0000110d  etherIsDhcpEnabled            
00001119  etherIsIpValid                
0000113f  etherSetIpAddress             
0000117d  etherGetIpAddress             
000011b7  etherSetIpSubnetMask          
000011ef  etherGetIpSubnetMask          
00001229  etherSetIpGatewayAddress      
00001261  etherGetIpGatewayAddress      
0000129b  etherSetMacAddress            
000012dd  etherGetMacAddress            
00001317  etherIsTcp                    
00001355  sendSyn                       
00001461  __TI_printfi                  
00001eaf  __aeabi_idiv0                 
00001eaf  __aeabi_ldiv0                 
00001eb1  enablePort                    
00001f6d  disablePort                   
00001fed  selectPinPushPullOutput       
00002000  __STACK_SIZE                  
0000203b  selectPinOpenDrainOutput      
00002089  selectPinDigitalInput         
000020d7  selectPinAnalogInput          
00002127  setPinCommitControl           
000021a3  enablePinPullup               
000021d1  disablePinPullup              
000021f5  enablePinPulldown             
00002219  disablePinPulldown            
00002241  setPinAuxFunction             
00002353  selectPinInterruptRisingEdge  
000023a3  selectPinInterruptFallingEdge 
000023f3  selectPinInterruptBothEdges   
00002449  selectPinInterruptHighLevel   
00002483  selectPinInterruptLowLevel    
000024bd  enablePinInterrupt            
000024e1  disablePinInterrupt           
00002505  setPinValue                   
0000252b  getPinValue                   
0000255d  setPortValue                  
000025e1  getPortValue                  
00002671  initHw                        
000026a7  displayConnectionInfo         
00002831  main                          
00002df1  __aeabi_dsub                  
00002dfb  __aeabi_dadd                  
00002fa9  initUart0                     
0000303d  setUart0BaudRate              
00003069  putcUart0                     
00003085  putsUart0                     
000030b1  getcUart0                     
000030c5  kbhitUart0                    
00003125  initSpi0                      
000031c1  setSpi0BaudRate               
000031f7  setSpi0Mode                   
00003245  writeSpi0Data                 
0000325d  readSpi0Data                  
000033c1  __aeabi_ddiv                  
0000361d  ldexp                         
0000361d  ldexpl                        
0000361d  scalbn                        
0000361d  scalbnl                       
0000372d  __aeabi_dmul                  
000038db  __aeabi_memcpy                
000038db  __aeabi_memcpy4               
000038db  __aeabi_memcpy8               
000038db  memcpy                        
00003977  __aeabi_uldivmod              
00003a0d  __aeabi_cdcmpeq               
00003a0d  __aeabi_cdcmple               
00003a93  __aeabi_cdrcmple              
00003b19  __aeabi_memclr                
00003b19  __aeabi_memclr4               
00003b19  __aeabi_memclr8               
00003b1b  __aeabi_memset                
00003b1b  __aeabi_memset4               
00003b1b  __aeabi_memset8               
00003b21  memset                        
00003c01  __TI_decompress_lzss          
00003c69  frexp                         
00003c69  frexpl                        
00003d23  ltoa                          
00003dc9  atoi                          
00003e15  __aeabi_d2iz                  
00003e5d  __TI_auto_init_nobinit_nopinit
00003ea1  sprintf                       
00003f21  _c_int00_noargs               
00003f55  __aeabi_i2d                   
00003f83  waitMicrosecond               
00003fa9  __TI_zero_init_nomemset       
00003fc5  memccpy                       
00003fe1  copysign                      
00003fe1  copysignl                     
00004013  strchr                        
00004029  strlen                        
0000403d  wcslen                        
0000404f  __TI_decompress_none          
0000405d  ResetISR                      
00004075  __aeabi_errno_addr            
0000407d  _system_pre_init              
00004081  C$$EXIT                       
00004081  abort                         
00004084  _ctypes_                      
000041a0  __TI_Handler_Table_Base       
000041ac  __TI_Handler_Table_Limit      
000041b8  __TI_CINIT_Base               
000041c8  __TI_CINIT_Limit              
20000000  __stack                       
20000200  __STACK_TOP                   
20002000  __STACK_END                   
20002000  macAddress                    
20002006  nextPacketLsb                 
20002007  nextPacketMsb                 
20002008  sequenceId                    
20002009  dhcpEnabled                   
2000200a  ipAddress                     
2000200e  ipGwAddress                   
20002012  ipSubnetMask                  
20002018  errno                         
2000201c  sum                           
ffffffff  __TI_pprof_out_hndl           
ffffffff  __TI_prof_data_size           
ffffffff  __TI_prof_data_start          
ffffffff  __binit__                     
ffffffff  __c_args__                    
ffffffff  binit                         
UNDEFED   __mpu_init                    
UNDEFED   _system_post_cinit            

[167 symbols]
