******************************************************************************
                  TI ARM Linker Unix v20.2.0                   
******************************************************************************
>> Linked Thu Apr 23 00:38:19 2020

OUTPUT FILE NAME:   <Ethernet_IoT.out>
ENTRY POINT SYMBOL: "_c_int00_noargs"  address: 00004071


MEMORY CONFIGURATION

         name            origin    length      used     unused   attr    fill
----------------------  --------  ---------  --------  --------  ----  --------
  FLASH                 00000000   00040000  00004315  0003bceb  R  X
  SRAM                  20000000   00008000  00002020  00005fe0  RW X


SEGMENT ALLOCATION MAP

run origin  load origin   length   init length attrs members
----------  ----------- ---------- ----------- ----- -------
00000000    00000000    00004318   00004318    r-x
  00000000    00000000    0000026c   0000026c    r-- .intvecs
  0000026c    0000026c    00003f68   00003f68    r-x .text
  000041d4    000041d4    00000101   00000101    r-- .const
  000042d8    000042d8    00000040   00000040    r-- .cinit
20000000    20000000    00002020   00000000    rw-
  20000000    20000000    00002000   00000000    rw- .stack
  20002000    20002000    0000001c   00000000    rw- .data
  2000201c    2000201c    00000004   00000000    rw- .bss


SECTION ALLOCATION MAP

 output                                  attributes/
section   page    origin      length       input sections
--------  ----  ----------  ----------   ----------------
.intvecs   0    00000000    0000026c     
                  00000000    0000026c     tm4c123gh6pm_startup_ccs.obj (.intvecs)

.text      0    0000026c    00003f68     
                  0000026c    0000133c     eth0.obj (.text)
                  000015a8    00000a4e     rtsv7M4_T_le_v4SPD16_eabi.lib : _printfi.c.obj (.text:__TI_printfi)
                  00001ff6    00000002                                   : div0.asm.obj (.text)
                  00001ff8    000007c0     gpio.obj (.text)
                  000027b8    00000348     ethernet.obj (.text)
                  00002b00    00000270     rtsv7M4_T_le_v4SPD16_eabi.lib : _printfi.c.obj (.text:_pconv_a)
                  00002d70    000001d0                                   : _printfi.c.obj (.text:_pconv_g)
                  00002f40    000001b6                                   : fd_add_t2.asm.obj (.text)
                  000030f6    00000002     --HOLE-- [fill = 0]
                  000030f8    0000017c     uart0.obj (.text)
                  00003274    00000160     spi0.obj (.text)
                  000033d4    0000013c     rtsv7M4_T_le_v4SPD16_eabi.lib : _printfi.c.obj (.text:_pconv_e)
                  00003510    00000136                                   : fd_div_t2.asm.obj (.text)
                  00003646    00000002     --HOLE-- [fill = 0]
                  00003648    00000124                                   : _printfi.c.obj (.text:fcvt)
                  0000376c    00000110                                   : s_scalbn.c.obj (.text:scalbn)
                  0000387c    000000fc                                   : fd_mul_t2.asm.obj (.text)
                  00003978    000000b1                                   : _printfi.c.obj (.text:_ltostr)
                  00003a29    00000001     --HOLE-- [fill = 0]
                  00003a2a    0000009c                                   : memcpy_t2.asm.obj (.text)
                  00003ac6    00000096                                   : ull_div_t2.asm.obj (.text)
                  00003b5c    00000086                                   : fd_cmp_t2.asm.obj (.text:__aeabi_cdcmple)
                  00003be2    00000086                                   : fd_cmp_t2.asm.obj (.text:__aeabi_cdrcmple)
                  00003c68    0000007a                                   : memset_t2.asm.obj (.text)
                  00003ce2    0000006e                                   : _printfi.c.obj (.text:_mcpy)
                  00003d50    00000068                                   : copy_decompress_lzss.c.obj (.text:decompress:lzss:__TI_decompress_lzss)
                  00003db8    00000064                                   : s_frexp.c.obj (.text:frexp)
                  00003e1c    00000056                                   : _printfi.c.obj (.text:_pconv_f)
                  00003e72    00000054                                   : _ltoa.c.obj (.text:__TI_ltoa)
                  00003ec6    00000052                                   : _printfi.c.obj (.text:_ecpy)
                  00003f18    0000004c                                   : atoi.c.obj (.text:atoi)
                  00003f64    00000048                                   : fd_toi_t2.asm.obj (.text)
                  00003fac    00000044                                   : autoinit.c.obj (.text:__TI_auto_init_nobinit_nopinit:__TI_auto_init_nobinit_nopinit)
                  00003ff0    00000040                                   : sprintf.c.obj (.text:sprintf)
                  00004030    0000003e                                   : _printfi.c.obj (.text:_fcpy)
                  0000406e    00000002     --HOLE-- [fill = 0]
                  00004070    00000034                                   : boot_cortex_m.c.obj (.text:_c_int00_noargs:_c_int00_noargs)
                  000040a4    0000002e                                   : i_tofd_t2.asm.obj (.text)
                  000040d2    00000026     wait.obj (.text)
                  000040f8    0000001c     rtsv7M4_T_le_v4SPD16_eabi.lib : copy_zero_init.c.obj (.text:decompress:ZI:__TI_zero_init_nomemset:__TI_zero_init_nomemset)
                  00004114    0000001c                                   : memccpy.c.obj (.text:memccpy)
                  00004130    0000001a                                   : s_copysign.c.obj (.text:copysign)
                  0000414a    00000018                                   : sprintf.c.obj (.text:_outs)
                  00004162    00000016                                   : strchr.c.obj (.text:strchr)
                  00004178    00000014                                   : strlen.c.obj (.text:strlen)
                  0000418c    00000012                                   : wcslen.c.obj (.text:wcslen)
                  0000419e    0000000e                                   : copy_decompress_none.c.obj (.text:decompress:none:__TI_decompress_none)
                  000041ac    0000000c     tm4c123gh6pm_startup_ccs.obj (.text)
                  000041b8    0000000a     rtsv7M4_T_le_v4SPD16_eabi.lib : sprintf.c.obj (.text:_outc)
                  000041c2    00000002     --HOLE-- [fill = 0]
                  000041c4    00000008                                   : errno.c.obj (.text:__aeabi_errno_addr)
                  000041cc    00000004                                   : pre_init.c.obj (.text:_system_pre_init)
                  000041d0    00000004                                   : exit.c.obj (.text:abort:abort)

.const     0    000041d4    00000101     
                  000041d4    00000101     rtsv7M4_T_le_v4SPD16_eabi.lib : ctype.c.obj (.const:.string:_ctypes_)

.cinit     0    000042d8    00000040     
                  000042d8    00000018     (.cinit..data.load) [load image, compression = lzss]
                  000042f0    0000000c     (__TI_handler_table)
                  000042fc    00000004     --HOLE-- [fill = 0]
                  00004300    00000008     (.cinit..bss.load) [load image, compression = zero_init]
                  00004308    00000010     (__TI_cinit_table)

.init_array 
*          0    00000000    00000000     UNINITIALIZED

.data      0    20002000    0000001c     UNINITIALIZED
                  20002000    00000006     eth0.obj (.data:macAddress)
                  20002006    00000004     eth0.obj (.data)
                  2000200a    00000004     eth0.obj (.data:ipAddress)
                  2000200e    00000004     eth0.obj (.data:ipGwAddress)
                  20002012    00000004     eth0.obj (.data:ipSubnetMask)
                  20002016    00000002     --HOLE--
                  20002018    00000004     rtsv7M4_T_le_v4SPD16_eabi.lib : errno.c.obj (.data)

.bss       0    2000201c    00000004     UNINITIALIZED
                  2000201c    00000004     (.common:sum)

.stack     0    20000000    00002000     UNINITIALIZED
                  20000000    00000004     rtsv7M4_T_le_v4SPD16_eabi.lib : boot_cortex_m.c.obj (.stack)
                  20000004    00001ffc     --HOLE--

__llvm_prf_cnts 
*          0    20000000    00000000     UNINITIALIZED

MODULE SUMMARY

       Module                         code    ro data   rw data
       ------                         ----    -------   -------
    ./
       eth0.obj                       4924    0         26     
       gpio.obj                       1984    0         0      
       ethernet.obj                   840     0         0      
       tm4c123gh6pm_startup_ccs.obj   12      620       0      
       uart0.obj                      380     0         0      
       spi0.obj                       352     0         0      
       wait.obj                       38      0         0      
    +--+------------------------------+-------+---------+---------+
       Total:                         8530    620       26     
                                                               
    /home/gnclab/ti/ccs1000/ccs/tools/compiler/ti-cgt-arm_20.2.0.LTS/lib/rtsv7M4_T_le_v4SPD16_eabi.lib
       _printfi.c.obj                 4851    0         0      
       fd_add_t2.asm.obj              438     0         0      
       fd_div_t2.asm.obj              310     0         0      
       s_scalbn.c.obj                 272     0         0      
       fd_cmp_t2.asm.obj              268     0         0      
       ctype.c.obj                    0       257       0      
       fd_mul_t2.asm.obj              252     0         0      
       memcpy_t2.asm.obj              156     0         0      
       ull_div_t2.asm.obj             150     0         0      
       memset_t2.asm.obj              122     0         0      
       copy_decompress_lzss.c.obj     104     0         0      
       s_frexp.c.obj                  100     0         0      
       sprintf.c.obj                  98      0         0      
       _ltoa.c.obj                    84      0         0      
       atoi.c.obj                     76      0         0      
       fd_toi_t2.asm.obj              72      0         0      
       autoinit.c.obj                 68      0         0      
       boot_cortex_m.c.obj            52      0         0      
       i_tofd_t2.asm.obj              46      0         0      
       copy_zero_init.c.obj           28      0         0      
       memccpy.c.obj                  28      0         0      
       s_copysign.c.obj               26      0         0      
       strchr.c.obj                   22      0         0      
       strlen.c.obj                   20      0         0      
       wcslen.c.obj                   18      0         0      
       copy_decompress_none.c.obj     14      0         0      
       errno.c.obj                    8       0         4      
       exit.c.obj                     4       0         0      
       pre_init.c.obj                 4       0         0      
       div0.asm.obj                   2       0         0      
    +--+------------------------------+-------+---------+---------+
       Total:                         7693    257       4      
                                                               
       Stack:                         0       0         8192   
       Linker Generated:              0       60        0      
    +--+------------------------------+-------+---------+---------+
       Grand Total:                   16223   937       8222   


LINKER GENERATED COPY TABLES

__TI_cinit_table @ 00004308 records: 2, size/record: 8, table size: 16
	.data: load addr=000042d8, load size=00000018 bytes, run addr=20002000, run size=0000001c bytes, compression=lzss
	.bss: load addr=00004300, load size=00000008 bytes, run addr=2000201c, run size=00000004 bytes, compression=zero_init


LINKER GENERATED HANDLER TABLE

__TI_handler_table @ 000042f0 records: 3, size/record: 4, table size: 12
	index: 0, handler: __TI_decompress_lzss
	index: 1, handler: __TI_decompress_none
	index: 2, handler: __TI_zero_init


GLOBAL SYMBOLS: SORTED ALPHABETICALLY BY Name 

address   name                          
-------   ----                          
000041d1  C$$EXIT                       
000041ad  ResetISR                      
20002000  __STACK_END                   
00002000  __STACK_SIZE                  
20000200  __STACK_TOP                   
00004308  __TI_CINIT_Base               
00004318  __TI_CINIT_Limit              
000042f0  __TI_Handler_Table_Base       
000042fc  __TI_Handler_Table_Limit      
00003fad  __TI_auto_init_nobinit_nopinit
00003d51  __TI_decompress_lzss          
0000419f  __TI_decompress_none          
00003e73  __TI_ltoa                     
ffffffff  __TI_pprof_out_hndl           
000015a9  __TI_printfi                  
ffffffff  __TI_prof_data_size           
ffffffff  __TI_prof_data_start          
00000000  __TI_static_base__            
000040f9  __TI_zero_init_nomemset       
00003b5d  __aeabi_cdcmpeq               
00003b5d  __aeabi_cdcmple               
00003be3  __aeabi_cdrcmple              
00003f65  __aeabi_d2iz                  
00002f4b  __aeabi_dadd                  
00003511  __aeabi_ddiv                  
0000387d  __aeabi_dmul                  
00002f41  __aeabi_dsub                  
000041c5  __aeabi_errno_addr            
000040a5  __aeabi_i2d                   
00001ff7  __aeabi_idiv0                 
00001ff7  __aeabi_ldiv0                 
00003c69  __aeabi_memclr                
00003c69  __aeabi_memclr4               
00003c69  __aeabi_memclr8               
00003a2b  __aeabi_memcpy                
00003a2b  __aeabi_memcpy4               
00003a2b  __aeabi_memcpy8               
00003c6b  __aeabi_memset                
00003c6b  __aeabi_memset4               
00003c6b  __aeabi_memset8               
00003ac7  __aeabi_uldivmod              
ffffffff  __binit__                     
ffffffff  __c_args__                    
UNDEFED   __mpu_init                    
20000000  __stack                       
20000000  __start___llvm_prf_cnts       
20000000  __stop___llvm_prf_cnts        
00004071  _c_int00_noargs               
000041d4  _ctypes_                      
UNDEFED   _system_post_cinit            
000041cd  _system_pre_init              
000041d1  abort                         
00003f19  atoi                          
ffffffff  binit                         
00004131  copysign                      
00004131  copysignl                     
20002009  dhcpEnabled                   
00002629  disablePinInterrupt           
00002361  disablePinPulldown            
00002319  disablePinPullup              
000020b5  disablePort                   
000027ef  displayConnectionInfo         
00002605  enablePinInterrupt            
0000233d  enablePinPulldown             
000022eb  enablePinPullup               
00001ff9  enablePort                    
20002018  errno                         
00000939  etherCalcIpChecksum           
0000032b  etherClearReg                 
00000283  etherCsOff                    
0000026d  etherCsOn                     
00001105  etherDisableDhcpMode          
000010fd  etherEnableDhcpMode           
000010e7  etherGetId                    
0000117d  etherGetIpAddress             
00001261  etherGetIpGatewayAddress      
000011ef  etherGetIpSubnetMask          
000012dd  etherGetMacAddress            
000006a5  etherGetPacket                
00000ef5  etherGetUdpData               
000010f3  etherIncId                    
00000477  etherInit                     
00000bc3  etherIsArpRequest             
0000065b  etherIsDataAvailable          
0000110d  etherIsDhcpEnabled            
00000995  etherIsIp                     
00000a09  etherIsIpUnicast              
00001119  etherIsIpValid                
00000641  etherIsLinkUp                 
00000675  etherIsOverflow               
00000a6b  etherIsPingRequest            
00001317  etherIsTcp                    
00000e55  etherIsUdp                    
00000791  etherPutPacket                
0000045f  etherReadMem                  
0000044d  etherReadMemStart             
0000046f  etherReadMemStop              
000003b3  etherReadPhy                  
000002c5  etherReadReg                  
00000d43  etherSendArpRequest           
00000c69  etherSendArpResponse          
00000aab  etherSendPingResponse         
00000f21  etherSendUdpResponse          
0000035f  etherSetBank                  
0000113f  etherSetIpAddress             
00001229  etherSetIpGatewayAddress      
000011b7  etherSetIpSubnetMask          
0000129b  etherSetMacAddress            
000002f7  etherSetReg                   
00000873  etherSumWords                 
00000431  etherWriteMem                 
0000041f  etherWriteMemStart            
00000445  etherWriteMemStop             
0000037b  etherWritePhy                 
00000291  etherWriteReg                 
00003db9  frexp                         
00003db9  frexpl                        
00000000  g_pfnVectors                  
000008ed  getEtherChecksum              
00002673  getPinValue                   
00002729  getPortValue                  
00003201  getcUart0                     
00000971  htons                         
000027b9  initHw                        
00003275  initSpi0                      
000030f9  initUart0                     
2000200a  ipAddress                     
2000200e  ipGwAddress                   
20002012  ipSubnetMask                  
00003215  kbhitUart0                    
0000376d  ldexp                         
0000376d  ldexpl                        
20002000  macAddress                    
00002979  main                          
00004115  memccpy                       
00003a2b  memcpy                        
00003c71  memset                        
20002006  nextPacketLsb                 
20002007  nextPacketMsb                 
000031b9  putcUart0                     
000031d5  putsUart0                     
000033ad  readSpi0Data                  
0000376d  scalbn                        
0000376d  scalbnl                       
0000221f  selectPinAnalogInput          
000021d1  selectPinDigitalInput         
0000253b  selectPinInterruptBothEdges   
000024eb  selectPinInterruptFallingEdge 
00002591  selectPinInterruptHighLevel   
000025cb  selectPinInterruptLowLevel    
0000249b  selectPinInterruptRisingEdge  
00002183  selectPinOpenDrainOutput      
00002135  selectPinPushPullOutput       
00001381  sendSyn                       
20002008  sequenceId                    
00002389  setPinAuxFunction             
0000226f  setPinCommitControl           
0000264d  setPinValue                   
000026a5  setPortValue                  
00003311  setSpi0BaudRate               
00003347  setSpi0Mode                   
0000318d  setUart0BaudRate              
00003ff1  sprintf                       
00004163  strchr                        
00004179  strlen                        
2000201c  sum                           
000040d3  waitMicrosecond               
0000418d  wcslen                        
00003395  writeSpi0Data                 


GLOBAL SYMBOLS: SORTED BY Symbol Address 

address   name                          
-------   ----                          
00000000  __TI_static_base__            
00000000  g_pfnVectors                  
0000026d  etherCsOn                     
00000283  etherCsOff                    
00000291  etherWriteReg                 
000002c5  etherReadReg                  
000002f7  etherSetReg                   
0000032b  etherClearReg                 
0000035f  etherSetBank                  
0000037b  etherWritePhy                 
000003b3  etherReadPhy                  
0000041f  etherWriteMemStart            
00000431  etherWriteMem                 
00000445  etherWriteMemStop             
0000044d  etherReadMemStart             
0000045f  etherReadMem                  
0000046f  etherReadMemStop              
00000477  etherInit                     
00000641  etherIsLinkUp                 
0000065b  etherIsDataAvailable          
00000675  etherIsOverflow               
000006a5  etherGetPacket                
00000791  etherPutPacket                
00000873  etherSumWords                 
000008ed  getEtherChecksum              
00000939  etherCalcIpChecksum           
00000971  htons                         
00000995  etherIsIp                     
00000a09  etherIsIpUnicast              
00000a6b  etherIsPingRequest            
00000aab  etherSendPingResponse         
00000bc3  etherIsArpRequest             
00000c69  etherSendArpResponse          
00000d43  etherSendArpRequest           
00000e55  etherIsUdp                    
00000ef5  etherGetUdpData               
00000f21  etherSendUdpResponse          
000010e7  etherGetId                    
000010f3  etherIncId                    
000010fd  etherEnableDhcpMode           
00001105  etherDisableDhcpMode          
0000110d  etherIsDhcpEnabled            
00001119  etherIsIpValid                
0000113f  etherSetIpAddress             
0000117d  etherGetIpAddress             
000011b7  etherSetIpSubnetMask          
000011ef  etherGetIpSubnetMask          
00001229  etherSetIpGatewayAddress      
00001261  etherGetIpGatewayAddress      
0000129b  etherSetMacAddress            
000012dd  etherGetMacAddress            
00001317  etherIsTcp                    
00001381  sendSyn                       
000015a9  __TI_printfi                  
00001ff7  __aeabi_idiv0                 
00001ff7  __aeabi_ldiv0                 
00001ff9  enablePort                    
00002000  __STACK_SIZE                  
000020b5  disablePort                   
00002135  selectPinPushPullOutput       
00002183  selectPinOpenDrainOutput      
000021d1  selectPinDigitalInput         
0000221f  selectPinAnalogInput          
0000226f  setPinCommitControl           
000022eb  enablePinPullup               
00002319  disablePinPullup              
0000233d  enablePinPulldown             
00002361  disablePinPulldown            
00002389  setPinAuxFunction             
0000249b  selectPinInterruptRisingEdge  
000024eb  selectPinInterruptFallingEdge 
0000253b  selectPinInterruptBothEdges   
00002591  selectPinInterruptHighLevel   
000025cb  selectPinInterruptLowLevel    
00002605  enablePinInterrupt            
00002629  disablePinInterrupt           
0000264d  setPinValue                   
00002673  getPinValue                   
000026a5  setPortValue                  
00002729  getPortValue                  
000027b9  initHw                        
000027ef  displayConnectionInfo         
00002979  main                          
00002f41  __aeabi_dsub                  
00002f4b  __aeabi_dadd                  
000030f9  initUart0                     
0000318d  setUart0BaudRate              
000031b9  putcUart0                     
000031d5  putsUart0                     
00003201  getcUart0                     
00003215  kbhitUart0                    
00003275  initSpi0                      
00003311  setSpi0BaudRate               
00003347  setSpi0Mode                   
00003395  writeSpi0Data                 
000033ad  readSpi0Data                  
00003511  __aeabi_ddiv                  
0000376d  ldexp                         
0000376d  ldexpl                        
0000376d  scalbn                        
0000376d  scalbnl                       
0000387d  __aeabi_dmul                  
00003a2b  __aeabi_memcpy                
00003a2b  __aeabi_memcpy4               
00003a2b  __aeabi_memcpy8               
00003a2b  memcpy                        
00003ac7  __aeabi_uldivmod              
00003b5d  __aeabi_cdcmpeq               
00003b5d  __aeabi_cdcmple               
00003be3  __aeabi_cdrcmple              
00003c69  __aeabi_memclr                
00003c69  __aeabi_memclr4               
00003c69  __aeabi_memclr8               
00003c6b  __aeabi_memset                
00003c6b  __aeabi_memset4               
00003c6b  __aeabi_memset8               
00003c71  memset                        
00003d51  __TI_decompress_lzss          
00003db9  frexp                         
00003db9  frexpl                        
00003e73  __TI_ltoa                     
00003f19  atoi                          
00003f65  __aeabi_d2iz                  
00003fad  __TI_auto_init_nobinit_nopinit
00003ff1  sprintf                       
00004071  _c_int00_noargs               
000040a5  __aeabi_i2d                   
000040d3  waitMicrosecond               
000040f9  __TI_zero_init_nomemset       
00004115  memccpy                       
00004131  copysign                      
00004131  copysignl                     
00004163  strchr                        
00004179  strlen                        
0000418d  wcslen                        
0000419f  __TI_decompress_none          
000041ad  ResetISR                      
000041c5  __aeabi_errno_addr            
000041cd  _system_pre_init              
000041d1  C$$EXIT                       
000041d1  abort                         
000041d4  _ctypes_                      
000042f0  __TI_Handler_Table_Base       
000042fc  __TI_Handler_Table_Limit      
00004308  __TI_CINIT_Base               
00004318  __TI_CINIT_Limit              
20000000  __stack                       
20000000  __start___llvm_prf_cnts       
20000000  __stop___llvm_prf_cnts        
20000200  __STACK_TOP                   
20002000  __STACK_END                   
20002000  macAddress                    
20002006  nextPacketLsb                 
20002007  nextPacketMsb                 
20002008  sequenceId                    
20002009  dhcpEnabled                   
2000200a  ipAddress                     
2000200e  ipGwAddress                   
20002012  ipSubnetMask                  
20002018  errno                         
2000201c  sum                           
ffffffff  __TI_pprof_out_hndl           
ffffffff  __TI_prof_data_size           
ffffffff  __TI_prof_data_start          
ffffffff  __binit__                     
ffffffff  __c_args__                    
ffffffff  binit                         
UNDEFED   __mpu_init                    
UNDEFED   _system_post_cinit            

[169 symbols]
